
> frontend@0.1.0 build
> react-scripts build

node.exe : (node:7368) 
[DEP0176] 
DeprecationWarning: 
fs.F_OK is deprecated, 
use fs.constants.F_OK 
instead
At line:1 char:1
+ & "C:\Program 
Files\nodejs/node.exe" 
"C:\Program 
Files\nodejs/node_mo ...
+ ~~~~~~~~~~~~~~~~~~~~~~~~
~~~~~~~~~~~~~~~~~~~~~~~~~~
~~~~~~~~~~~~~~~~~~~
    + CategoryInfo        
      : NotSpecified: ((  
  node:7368) [DE...ts.F   
 _OK instead:String) [    
], RemoteException
    + FullyQualifiedError 
   Id : NativeCommandErr  
  or
 
(Use `node 
--trace-deprecation ...` 
to show where the warning 
was created)
Creating an optimized production build...
Failed to compile.

Module not found: Error: Can't resolve 'gsap' in 'C:\Users\Susha\OneDrive\Desktop\Himanshu_loverai\LoversAI-3\frontend\src\components\couple'


